[17:49:24] [main/INFO]: Loading Minecraft 26.3-snapshot-3 with Fabric Loader 0.19.3
[17:49:24] [main/INFO]: Mappings not present!
[17:49:24] [main/INFO]: Loading 48 mods:
	- cushion 1.0.0
	- fabric-api 0.155.0+26.3
	   |-- fabric-api-base 2.0.4+ece0632325
	   |-- fabric-api-lookup-api-v1 2.0.19+1dd6f22825
	   |-- fabric-biome-api-v1 20.0.1+bca5816925
	   |-- fabric-block-api-v1 3.0.3+ec56b60125
	   |-- fabric-block-getter-api-v2 2.0.7+ec56b60125
	   |-- fabric-command-api-v2 3.1.0+00cb034625
	   |-- fabric-content-registries-v0 14.1.0+c7d6370925
	   |-- fabric-convention-tags-v2 4.9.0+32a0f6f225
	   |-- fabric-crash-report-info-v1 1.0.5+086d547a25
	   |-- fabric-creative-tab-api-v1 5.0.17+d871b99e25
	   |-- fabric-data-attachment-api-v1 2.2.21+233ecb2125
	   |-- fabric-data-generation-api-v1 27.0.1+bca5816925
	   |-- fabric-debug-api-v1 1.0.2+c792624d25
	   |-- fabric-dimensions-v1 5.1.12+a05725ac25
	   |-- fabric-entity-events-v1 6.0.0+bca5816925
	   |-- fabric-events-interaction-v0 5.2.7+8f57f7ee25
	   |-- fabric-game-rule-api-v1 4.0.8+46a6d00c25
	   |-- fabric-item-api-v1 14.3.0+400edb8a25
	   |-- fabric-key-mapping-api-v1 2.0.5+e2bdee7825
	   |-- fabric-lifecycle-events-v1 4.1.4+bca5816925
	   |-- fabric-menu-api-v1 2.0.20+1dd6f22825
	   |-- fabric-message-api-v1 7.0.7+086d547a25
	   |-- fabric-model-loading-api-v1 8.0.18+c80601bb25
	   |-- fabric-networking-api-v1 6.3.4+f580942d25
	   |-- fabric-object-builder-api-v1 24.1.2+87c2e1b425
	   |-- fabric-particles-v1 5.0.19+d1756aa925
	   |-- fabric-permission-api-v1 1.0.3+7e91fb0e25
	   |-- fabric-recipe-api-v1 10.0.1+bca5816925
	   |-- fabric-registry-sync-v0 7.1.4+bca5816925
	   |-- fabric-renderer-api-v1 16.0.0+bca5816925
	   |-- fabric-renderer-indigo 9.1.5+bca5816925
	   |-- fabric-rendering-fluids-v1 6.0.4+06488ac125
	   |-- fabric-rendering-v1 27.0.0+bca5816925
	   |-- fabric-resource-conditions-api-v1 6.1.2+bca5816925
	   |-- fabric-resource-loader-v0 3.3.23+4fc5413f25
	   |-- fabric-resource-loader-v1 3.0.1+f580942d25
	   |-- fabric-screen-api-v1 5.1.0+ef63208925
	   |-- fabric-serialization-api-v1 2.0.4+11a26f3125
	   |-- fabric-sound-api-v1 2.0.5+11a26f3125
	   |-- fabric-tag-api-v1 2.1.6+bca5816925
	   |-- fabric-transfer-api-v1 8.0.14+bca5816925
	   \-- fabric-transitive-access-wideners-v1 8.1.7+bca5816925
	- fabricloader 0.19.3
	   \-- mixinextras 0.5.4
	- java 25
	- minecraft 26.3-alpha.3
[17:49:25] [main/INFO]: SpongePowered MIXIN Subsystem Version=0.8.7 Source=file:/E:/mctest2/libraries/net/fabricmc/sponge-mixin/0.17.3+mixin.0.8.7/sponge-mixin-0.17.3+mixin.0.8.7.jar Service=Knot/Fabric Env=CLIENT
[17:49:25] [main/INFO]: Compatibility level set to JAVA_25
[17:49:27] [main/INFO]: Initializing MixinExtras via com.llamalad7.mixinextras.service.MixinExtrasServiceImpl(version=0.5.4).
[17:49:29] [Datafixer Bootstrap #0/INFO]: 297 Datafixer optimizations took 463 milliseconds
[17:49:29] [main/WARN]: Invalid registry value type detected for PerfOS counters. Should be REG_DWORD. Ignoring: HKEY_LOCAL_MACHINE\SYSTEM\CurrentControlSet\Services\PerfOS\Performance\Disable Performance Counters.
[17:49:35] [Render thread/INFO]: Ignoring hosts properties. minecraft.api.discovery.host or minecraft.api.env needs to be set
[17:49:35] [Render thread/INFO]: Environment: Environment[discoveryUrl=https://discovery.minecraftservices.com/minecraft/client, name=PROD]
[17:49:35] [Render thread/INFO]: Setting user: BaiBai_1020
[17:49:36] [Render thread/INFO]: [Indigo] Registering Indigo renderer!
